// Jest Snapshot v1, https://goo.gl/fbAQLP

exports[`should render ExpenseDashBoardPage correctly 1`] = `
<div>
  <Connect(ExpenseSummary) />
  <Connect(ExpenseListFilters) />
  <Connect(ExpenseList) />
</div>
`;

exports[`should render ExpenseListItem correctly 1`] = `
<div>
  <Link
    replace={false}
    to="edit/1"
  >
    <h3>
      Gum
    </h3>
  </Link>
  <p>
    $0.20
    -
    January 1st, 1970
  </p>
</div>
`;
